---
source: src/test.rs
expression: window
---
-----------------00------------------
00 |                                |
01 |                                |
02 |                                |
03 |                                |
04 |                                |
05 |                                |
06 |                                |
07 |                                |
08 |                                |
09 |                                |
-----------------01------------------
00 |                                |
01 |                                |
02 |                                |
03 |                                |
04 |                                |
05 |                                |
06 |                                |
07 |                                |
08 |                                |
09 |                                |
-----------------02------------------
00 |                  Ｇ            |
01 |                                |
02 |                                |
03 |                                |
04 |                                |
05 |                                |
06 |                                |
07 |                                |
08 |                                |
09 |                                |
-----------------03------------------
00 |                  Ｇ            |
01 |                                |
02 |                                |
03 |                                |
04 |                                |
05 |                                |
06 |                                |
07 |                                |
08 |                                |
09 |                                |
-----------------04------------------
00 |                  Ｇ        Ｙ  |
01 |                  Ｉ            |
02 |                                |
03 |                                |
04 |                                |
05 |                                |
06 |                                |
07 |                                |
08 |                                |
09 |                                |
-----------------05------------------
00 |                  Ｇ      ＢＹ  |
01 |                  Ｉ            |
02 |                                |
03 |                                |
04 |                                |
05 |                                |
06 |                                |
07 |                                |
08 |                                |
09 |                                |
-----------------06------------------
00 |            Ｒ    Ｇ      ＢＹ  |
01 |                  Ｉ        Ｊ  |
02 |                  Ｒ            |
03 |                                |
04 |                                |
05 |                                |
06 |                                |
07 |                                |
08 |                                |
09 |                                |
-----------------07------------------
00 |            Ｒ  ＵＧ  Ｙ  ＢＹ  |
01 |            Ｇ    Ｉ      ＦＪ  |
02 |                  Ｒ            |
03 |                                |
04 |                                |
05 |                                |
06 |                                |
07 |                                |
08 |                                |
09 |                                |
-----------------08------------------
00 |Ｕ          Ｒ  ＵＧ  Ｙ  ＢＹ  |
01 |            Ｇ  ＯＩ      ＦＪ  |
02 |            Ｖ    Ｒ        Ｗ  |
03 |                  Ａ            |
04 |                                |
05 |                                |
06 |                                |
07 |                                |
08 |                                |
09 |                                |
-----------------09------------------
00 |Ｕ          Ｒ  ＵＧ  Ｙ  ＢＹ  |
01 |            Ｇ  ＯＩ  Ｎ  ＦＪ  |
02 |            Ｖ  ＦＲ      ＩＷ  |
03 |            Ａ    Ａ            |
04 |                                |
05 |                                |
06 |                                |
07 |                                |
08 |                                |
09 |                                |
-----------------0A------------------
00 |Ｕ          Ｒ  ＵＧ  Ｙ  ＢＹ  |
01 |Ｔ          Ｇ  ＯＩ  Ｎ  ＦＪ  |
02 |            Ｖ  ＦＲ      ＩＷ  |
03 |            Ａ  ＴＡ        Ｆ  |
04 |            Ｊ    Ｃ            |
05 |                                |
06 |                                |
07 |                                |
08 |                                |
09 |                                |
-----------------0B------------------
00 |ＵＧ          Ｐ  Ｇ  Ｙ  ＢＹ  |
01 |Ｔ          Ｇ  ＯＩ  Ｎ  ＦＪ  |
02 |            Ｖ  ＦＲ  Ｄ  ＩＷ  |
03 |            Ａ  ＴＡ      ＶＦ  |
04 |            Ｊ  ＴＣ            |
05 |            Ｘ                  |
06 |                                |
07 |                                |
08 |                                |
09 |                                |
-----------------0C------------------
00 |ＵＧ      Ｌ  Ｐ      Ｙ  ＢＹ  |
01 |Ｔ            Ｗ  Ｉ  Ｎ  ＦＪ  |
02 |Ｍ          Ｖ  ＦＲ  Ｄ  ＩＷ  |
03 |            Ａ  ＴＡ      ＶＦ  |
04 |            Ｊ  ＴＣ        Ｘ  |
05 |            Ｘ  ＱＬ            |
06 |            Ｒ                  |
07 |                                |
08 |                                |
09 |                                |
-----------------0D------------------
00 |ＵＧ      Ｌ  Ｐ      ＹＫＢＹ  |
01 |ＴＬ          Ｗ  Ｉ  Ｎ  ＦＪ  |
02 |Ｍ            Ｌ  Ｒ  Ｄ  ＩＷ  |
03 |            Ａ  ＴＡ  Ｊ  ＶＦ  |
04 |            Ｊ  ＴＣ      ＬＸ  |
05 |            Ｘ  ＱＬ            |
06 |            Ｒ  Ｒ              |
07 |            Ｙ                  |
08 |                                |
09 |                                |
-----------------0E------------------
00 |ＵＧ  Ｅ  Ｌ  Ｐ    ＧＹＫＢ    |
01 |ＴＬ      Ｃ  Ｗ      Ｎ  ＦＪ  |
02 |Ｍ            Ｌ  Ｒ  Ｄ  ＩＷ  |
03 |Ｍ            Ｇ  Ａ  Ｊ  ＶＦ  |
04 |            Ｊ  ＴＣ      ＬＸ  |
05 |            Ｘ  ＱＬ        Ｇ  |
06 |            Ｒ  ＲＹ            |
07 |            Ｙ  Ｇ              |
08 |            Ｂ                  |
09 |                                |
-----------------0F------------------
00 |ＵＧＲＥＥＬ        ＧＹＫ      |
01 |ＴＬ      Ｃ  Ｗ    ＬＮＡＦＪ  |
02 |ＭＫ          Ｌ  Ｒ  Ｄ  ＩＷ  |
03 |Ｍ            Ｇ  Ａ  Ｊ  ＶＦ  |
04 |              Ａ  Ｃ  Ｒ  ＬＸ  |
05 |            Ｘ  ＱＬ      ＶＧ  |
06 |            Ｒ  ＲＹ            |
07 |            Ｙ  Ｇ              |
08 |            Ｂ  Ｌ              |
09 |            Ｘ                  |
-----------------10------------------
00 |ＵＧＲＥＥＬ        ＧＹＫ      |
01 |ＴＬ  Ｎ  Ｃ        ＬＮＡＦ    |
02 |ＭＫ      Ｌ  Ｌ    ＣＤ  ＩＷ  |
03 |Ｍ            Ｇ  Ａ  Ｊ  ＶＦ  |
04 |Ｍ            Ａ  Ｃ  Ｒ  ＬＸ  |
05 |              Ｖ  Ｌ      ＶＧ  |
06 |            Ｒ  ＲＹ        Ｗ  |
07 |            Ｙ  ＧＧ            |
08 |            Ｂ  Ｌ              |
09 |            Ｘ  Ｖ              |
-----------------11------------------
00 |ＵＧＲＥＥＬ        Ｇ  Ｋ      |
01 |ＴＬＲＮＧＣ        ＬＮＡ      |
02 |ＭＫ      Ｌ        ＣＤＹＩＷ  |
03 |ＭＵ          Ｇ  ＡＬＪ  ＶＦ  |
04 |Ｍ            Ａ  Ｃ  Ｒ  ＬＸ  |
05 |              Ｖ  Ｌ  Ａ  ＶＧ  |
06 |              Ｄ  Ｙ      ＩＷ  |
07 |            Ｙ  ＧＧ            |
08 |            Ｂ  Ｌ              |
09 |            Ｘ  Ｖ              |
-----------------12------------------
00 |  ＧＲＥＥＬ        Ｇ  Ｋ    Ｐ|
01 |ＴＬＲＮＧＣ        ＬＮＡ      |
02 |ＭＫ  Ｔ  Ｌ        ＣＤＹＩ    |
03 |ＭＵ      Ａ        ＬＪ  ＶＦ  |
04 |Ｍ            Ａ  ＣＡＲ  ＬＸ  |
05 |Ｖ            Ｖ  Ｌ  Ａ  ＶＧ  |
06 |              Ｄ  Ｙ      ＩＷ  |
07 |              Ｇ  Ｇ        Ｐ  |
08 |            Ｂ  ＬＧ            |
09 |            Ｘ  Ｖ              |
-----------------13------------------
00 |  ＧＲＥＥＬ            Ｋ    Ｐ|
01 |ＴＬＲＮＧＣ        Ｌ  Ａ    Ｒ|
02 |ＭＫＹＴＹＬ        ＣＤＹ      |
03 |ＭＵ      Ａ        ＬＪＴＶＦ  |
04 |ＭＢ              ＣＡＲ  ＬＸ  |
05 |Ｖ            Ｖ  ＬＣＡ  ＶＧ  |
06 |              Ｄ  Ｙ  Ｔ  ＩＷ  |
07 |              Ｇ  Ｇ      ＫＰ  |
08 |              Ｊ  Ｇ            |
09 |            Ｘ  Ｖ              |
-----------------14------------------
00 |  ＧＲＥＥＬ            Ｋ    Ｐ|
01 |  ＬＲＮＧＣ            Ａ    Ｒ|
02 |ＭＫＹＴＹＬ        ＣＤＹ    Ｈ|
03 |ＭＵ  Ｏ  Ａ        ＬＪＴＶ    |
04 |ＭＢ      Ｃ        ＡＲ  ＬＸ  |
05 |Ｖ                ＬＣＡ  ＶＧ  |
06 |Ｊ            Ｄ  ＹＤＴ  ＩＷ  |
07 |              Ｇ  Ｇ      ＫＰ  |
08 |              Ｊ  Ｇ        Ｈ  |
09 |              Ａ  Ｅ            |
-----------------15------------------
00 |    ＲＥＥＬ            Ｋ    Ｐ|
01 |  ＬＲＮＧＣ            Ａ    Ｒ|
02 |ＭＫＹＴＹＬ            Ｙ    Ｈ|
03 |ＭＵＸＯＫＡ        ＬＪＴ    Ｄ|
04 |ＭＢ      Ｃ        ＡＲＰＬＸ  |
05 |ＶＵ              ＬＣＡ  ＶＧ  |
06 |Ｊ                ＹＤＴ  ＩＷ  |
07 |              Ｇ  ＧＲＴ  ＫＰ  |
08 |              Ｊ  Ｇ      ＶＨ  |
09 |              Ａ  Ｅ            |
-----------------16------------------
00 |    Ｒ  Ｅ              Ｋ      |
01 |  ＬＲＮＧＣ            Ａ    Ｒ|
02 |  ＫＹＴＹＬ            Ｙ    Ｈ|
03 |ＭＵＸＯＫＡ          ＪＴ    Ｄ|
04 |ＭＢ  Ｎ  Ｃ        ＡＲＰＬ  Ｓ|
05 |ＶＵ      Ｄ        ＣＡ  ＶＧ  |
06 |Ｊ                ＹＤＴ  ＩＷ  |
07 |Ｄ                ＧＲＴ  ＫＰ  |
08 |              Ｊ  ＧＱ    ＶＨ  |
09 |              Ａ  Ｅ        Ｌ  |
-----------------17------------------
00 |    Ｒ  Ｅ                      |
01 |    ＲＮＧＣ            Ａ      |
02 |  ＫＹＴＹＬ            Ｙ    Ｈ|
03 |ＭＵＸＯＫＡ            Ｔ    Ｄ|
04 |ＭＢＧＮＳＣ          ＲＰ    Ｓ|
05 |ＶＵ      Ｄ        ＣＡＷＶＧＮ|
06 |ＪＯ              ＹＤＴ  ＩＷ  |
07 |Ｄ                ＧＲＴ  ＫＰ  |
08 |                  ＧＱＶ  ＶＨ  |
09 |              Ａ  ＥＨ    ＪＬ  |
-----------------18------------------
00 |    Ｒ  Ｅ  Ｃ  Ｌ              |
01 |    Ｒ  Ｇ              Ａ      |
02 |  ＫＹＴＹＬ            Ｙ      |
03 |  ＵＸＯＫＡ            Ｔ    Ｄ|
04 |ＭＢＧＮＳＣ          ＲＰ    Ｓ|
05 |ＶＵ  Ｈ  Ｄ          ＡＷＶ  Ｎ|
06 |ＪＯ      Ｒ        ＤＴ  ＩＷＧ|
07 |Ｄ                ＧＲＴ  ＫＰ  |
08 |Ｌ                ＧＱＶ  ＶＨ  |
09 |                  ＥＨ    ＪＬ  |
-----------------19------------------
00 |            Ｃ  Ｌ              |
01 |    Ｒ  Ｇ                      |
02 |    ＹＴＹＬ            Ｙ      |
03 |  ＵＸＯＫＡ            Ｔ      |
04 |ＭＢＧＮＳＣ            Ｐ    Ｓ|
05 |ＶＵＣＨＴＤ          ＡＷ    Ｎ|
06 |ＪＯ      Ｒ          ＴＬＩＷＧ|
07 |ＤＦ              ＧＲＴ  ＫＰＢ|
08 |Ｌ                ＧＱＶ  ＶＨ  |
09 |                  ＥＨＮ  ＪＬ  |
-----------------1A------------------
00 |            Ｃ  Ｌ              |
01 |    Ｒ  Ｇ  Ｋ  Ｋ              |
02 |    Ｙ  Ｙ              Ｙ      |
03 |  ＵＸＯＫＡ            Ｔ      |
04 |  ＢＧＮＳＣ            Ｐ      |
05 |ＶＵＣＨＴＤ          ＡＷ    Ｎ|
06 |ＪＯ  Ｇ  Ｒ          ＴＬＩ  Ｇ|
07 |ＤＦ      Ｑ          Ｔ  ＫＰＢ|
08 |Ｌ                ＧＱＶ  ＶＨＳ|
09 |Ｌ                ＥＨＮ  ＪＬ  |
-----------------1B------------------
00 |            Ｃ  Ｌ              |
01 |            Ｋ  Ｋ              |
02 |    Ｙ  Ｙ                      |
03 |    ＸＯＫＡ            Ｔ      |
04 |  ＢＧＮＳＣ            Ｐ      |
05 |ＶＵＣＨＴＤ            Ｗ      |
06 |ＪＯＤＧＣＲ          ＴＬ    Ｇ|
07 |ＤＦ      Ｑ          ＴＧＫＰＢ|
08 |ＬＴ              Ｇ  Ｖ  ＶＨＳ|
09 |Ｌ                ＥＨＮ  ＪＬＷ|
-----------------1C------------------
00 |            ＣＷＬ              |
01 |            Ｋ  Ｋ              |
02 |    Ｙ  Ｙ  Ａ  Ｕ              |
03 |    Ｘ  Ｋ              Ｔ      |
04 |  ＢＧＮＳＣ            Ｐ      |
05 |  ＵＣＨＴＤ            Ｗ      |
06 |ＪＯＤＧＣＲ          ＴＬ      |
07 |ＤＦ  Ｙ  Ｑ          ＴＧＫ  Ｂ|
08 |ＬＴ      Ｈ          Ｖ  ＶＨＳ|
09 |Ｌ                Ｅ  Ｎ  ＪＬＷ|
-----------------1D------------------
00 |            ＣＷＬ              |
01 |            Ｋ  Ｋ              |
02 |            Ａ  Ｕ              |
03 |    Ｘ  Ｋ                      |
04 |    ＧＮＳＣ            Ｐ      |
05 |  ＵＣＨＴＤ            Ｗ      |
06 |ＪＯＤＧＣＲ            Ｌ      |
07 |ＤＦＶＹＶＱ          ＴＧ      |
08 |ＬＴ      Ｈ          ＶＡＶＨＳ|
09 |ＬＴ              Ｅ  Ｎ  ＪＬＷ|
-----------------1E------------------
00 |            ＣＷＬ              |
01 |            ＫＴＫ              |
02 |            Ａ  Ｕ              |
03 |    Ｘ  Ｋ  Ｙ  Ｂ              |
04 |    Ｇ  Ｓ              Ｐ      |
05 |  ＵＣＨＴＤ            Ｗ      |
06 |  ＯＤＧＣＲ            Ｌ      |
07 |ＤＦＶＹＶＱ          ＴＧ      |
08 |ＬＴ  Ｊ  Ｈ          ＶＡＶ    |
09 |ＬＴ      Ｈ          Ｎ  ＪＬＷ|
-----------------1F------------------
00 |            ＣＷＬ              |
01 |            ＫＴＫ              |
02 |            Ａ  Ｕ              |
03 |            Ｙ  Ｂ              |
04 |    Ｇ  Ｓ                      |
05 |    ＣＨＴＤ            Ｗ      |
06 |  ＯＤＧＣＲ            Ｌ      |
07 |ＤＦＶＹＶＱ            Ｇ      |
08 |ＬＴＦＪＦＨ          ＶＡ      |
09 |ＬＴ      Ｈ          ＮＶＪＬ  |
-----------------20------------------
00 |              ＷＬ  Ｑ          |
01 |            ＫＴＫ              |
02 |            ＡＪＵ              |
03 |            Ｙ  Ｂ              |
04 |    Ｇ  Ｓ  Ｔ  Ｕ              |
05 |    Ｃ  Ｔ              Ｗ      |
06 |  ＯＤＧＣＲ            Ｌ      |
07 |  ＦＶＹＶＱ            Ｇ      |
08 |ＬＴＦＪＦＨ          ＶＡ      |
09 |ＬＴ  Ｊ  Ｈ          ＮＶＪ    |
-----------------21------------------
00 |              ＷＬ  Ｑ          |
01 |            ＫＴＫ              |
02 |            ＡＪＵ              |
03 |            Ｙ  Ｂ              |
04 |            Ｔ  Ｕ              |
05 |    Ｃ  Ｔ                      |
06 |    ＤＧＣＲ            Ｌ      |
07 |  ＦＶＹＶＱ            Ｇ      |
08 |ＬＴＦＪＦＨ            Ａ      |
09 |ＬＴＯＪＧＨ          ＮＶ      |
-----------------22------------------
00 |              Ｗ    Ｑ        Ｐ|
01 |              ＴＫ  Ｂ          |
02 |            ＡＪＵ              |
03 |            ＹＣＢ              |
04 |            Ｔ  Ｕ              |
05 |    Ｃ  Ｔ  Ｐ  Ｏ              |
06 |    Ｄ  Ｃ              Ｌ      |
07 |  ＦＶＹＶＱ            Ｇ      |
08 |  ＴＦＪＦＨ            Ａ      |
09 |ＬＴＯＪＧＨ          ＮＶ      |
-----------------23------------------
00 |              Ｗ    Ｑ        Ｐ|
01 |              ＴＫ  Ｂ        Ｓ|
02 |            ＡＪＵ              |
03 |            ＹＣＢ              |
04 |            Ｔ  Ｕ              |
05 |            Ｐ  Ｏ              |
06 |    Ｄ  Ｃ                      |
07 |    ＶＹＶＱ            Ｇ      |
08 |  ＴＦＪＦＨ            Ａ      |
09 |ＬＴＯＪＧＨ            Ｖ      |
-----------------24------------------
00 |              Ｗ  ＡＱ        Ｐ|
01 |              Ｔ    Ｂ        Ｓ|
02 |              ＪＵ  Ａ        Ｙ|
03 |            ＹＣＢ              |
04 |            ＴＭＵ              |
05 |            Ｐ  Ｏ              |
06 |    Ｄ  Ｃ  Ｗ  Ｆ              |
07 |    Ｖ  Ｖ              Ｇ      |
08 |  ＴＦＪＦＨ            Ａ      |
09 |  ＴＯＪＧＨ            Ｖ      |
-----------------25------------------
00 |              Ｗ  ＡＱ        Ｐ|
01 |              Ｔ    Ｂ        Ｓ|
02 |              ＪＵ  Ａ        Ｙ|
03 |            ＹＣＢ            Ｃ|
04 |            ＴＭＵ              |
05 |            Ｐ  Ｏ              |
06 |            Ｗ  Ｆ              |
07 |    Ｖ  Ｖ                      |
08 |    ＦＪＦＨ            Ａ      |
09 |  ＴＯＪＧＨ            Ｖ      |
-----------------26------------------
00 |                  ＡＱ      ＳＰ|
01 |              Ｔ  ＬＢ        Ｓ|
02 |              Ｊ    Ａ        Ｙ|
03 |              ＣＢ  Ｙ        Ｃ|
04 |            ＴＭＵ            Ｅ|
05 |            ＰＤＯ              |
06 |            Ｗ  Ｆ              |
07 |    Ｖ  Ｖ  Ｌ  Ｔ              |
08 |    Ｆ  Ｆ              Ａ      |
09 |  ＴＯＪＧＨ            Ｖ      |
-----------------27------------------
00 |                  ＡＱ    ＷＳ  |
01 |              Ｔ  ＬＢ        Ｓ|
02 |              Ｊ    Ａ        Ｙ|
03 |              ＣＢ  Ｙ        Ｃ|
04 |            ＴＭＵ            Ｅ|
05 |            ＰＤＯ            Ｑ|
06 |            Ｗ  Ｆ              |
07 |            Ｌ  Ｔ              |
08 |    Ｆ  Ｆ                      |
09 |    ＯＪＧＨ            Ｖ      |
-----------------28------------------
00 |                  Ａ      ＷＳ  |
01 |                  ＬＢ      Ｔ  |
02 |              Ｊ  ＶＡ        Ｙ|
03 |              Ｃ    Ｙ        Ｃ|
04 |              ＭＵ  Ｙ        Ｅ|
05 |            ＰＤＯ            Ｑ|
06 |            ＷＣＦ            Ｑ|
07 |            Ｌ  Ｔ              |
08 |    Ｆ  Ｆ  Ｇ  Ｔ              |
09 |    Ｏ  Ｇ              Ｖ      |
-----------------29------------------
00 |Ｒ                Ａ  Ｅ  ＷＳ  |
01 |                  ＬＢ    ＱＴ  |
02 |              Ｊ  ＶＡ          |
03 |              Ｃ    Ｙ        Ｃ|
04 |              ＭＵ  Ｙ        Ｅ|
05 |            ＰＤＯ            Ｑ|
06 |            ＷＣＦ            Ｑ|
07 |            Ｌ  Ｔ            Ｅ|
08 |            Ｇ  Ｔ              |
09 |    Ｏ  Ｇ                      |
-----------------2A------------------
00 |Ｒ                Ａ  Ｅ  ＷＳ  |
01 |Ｓ                Ｌ      ＱＴ  |
02 |                  ＶＡ      Ｈ  |
03 |              Ｃ  ＱＹ          |
04 |              Ｍ    Ｙ        Ｅ|
05 |              ＤＯ  Ｎ        Ｑ|
06 |            ＷＣＦ            Ｑ|
07 |            ＬＭＴ            Ｅ|
08 |            Ｇ  Ｔ            Ｎ|
09 |    Ｏ  Ｇ  Ａ  Ｑ              |
-----------------2B------------------
00 |Ｒ                Ａ  Ｅ  ＷＳ  |
01 |Ｓ                Ｌ  Ｔ  ＱＴ  |
02 |Ｑ                ＶＡ    ＲＨ  |
03 |              Ｃ  ＱＹ          |
04 |              Ｍ    Ｙ          |
05 |              ＤＯ  Ｎ        Ｑ|
06 |            ＷＣＦ            Ｑ|
07 |            ＬＭＴ            Ｅ|
08 |            Ｇ  Ｔ            Ｎ|
09 |            Ａ  Ｑ            Ｔ|
-----------------2C------------------
00 |ＲＣ                  Ｅ  ＷＳ  |
01 |Ｓ                Ｌ  Ｔ  ＱＴ  |
02 |Ｑ                Ｖ      ＲＨ  |
03 |Ｂ                ＱＹ      Ｕ  |
04 |              Ｍ  ＧＹ          |
05 |              Ｄ    Ｎ          |
06 |              ＣＦ  Ｄ        Ｑ|
07 |            ＬＭＴ            Ｅ|
08 |            ＧＢＴ            Ｎ|
09 |            Ａ  Ｑ            Ｔ|
-----------------2D------------------
00 |  Ｃ  Ｇ              Ｅ  ＷＳ  |
01 |ＳＮ              Ｌ  Ｔ  ＱＴ  |
02 |Ｑ                Ｖ  Ｄ  ＲＨ  |
03 |Ｂ                ＱＹ    ＢＵ  |
04 |Ｊ            Ｍ  ＧＹ          |
05 |              Ｄ    Ｎ          |
06 |              ＣＦ  Ｄ          |
07 |            ＬＭＴ            Ｅ|
08 |            ＧＢＴ            Ｎ|
09 |            Ａ  Ｑ            Ｔ|
-----------------2E------------------
00 |  Ｃ  Ｇ  Ｎ          ＥＤＷＳ  |
01 |  Ｎ  Ｙ              Ｔ  ＱＴ  |
02 |ＱＩ              Ｖ  Ｄ  ＲＨ  |
03 |Ｂ                Ｑ      ＢＵ  |
04 |Ｊ                ＧＹ      Ｃ  |
05 |Ｄ            Ｄ  ＷＮ          |
06 |              Ｃ    Ｄ          |
07 |              ＭＴ  Ｊ          |
08 |            ＧＢＴ            Ｎ|
09 |            ＡＱＱ            Ｔ|
-----------------2F------------------
00 |  Ｃ  Ｇ  Ｎ          ＥＤＷＳ  |
01 |  Ｎ  Ｙ              ＴＲＱＴ  |
02 |  Ｉ  Ｗ          Ｖ  Ｄ  ＲＨ  |
03 |ＢＴ              Ｑ  Ｎ  ＢＵ  |
04 |Ｊ                ＧＹ    ＨＣ  |
05 |Ｄ            Ｄ  ＷＮ          |
06 |Ｌ            Ｃ    Ｄ          |
07 |              ＭＴ  Ｊ          |
08 |            ＧＢＴ              |
09 |            ＡＱＱ            Ｔ|
-----------------30------------------
00 |      ＧＴＮ          ＥＤＷ    |
01 |  Ｎ  Ｙ  Ｇ          ＴＲＱＴ  |
02 |  Ｉ  Ｗ              ＤＫＲＨ  |
03 |  Ｔ  Ｐ          Ｑ  Ｎ  ＢＵ  |
04 |ＪＧ              Ｇ      ＨＣ  |
05 |Ｄ                ＷＮ      Ｊ  |
06 |Ｌ            Ｃ  ＴＤ          |
07 |Ｒ            Ｍ    Ｊ          |
08 |              ＢＴ  Ｒ          |
09 |            ＡＱＱ              |
-----------------31------------------
00 |    Ｂ  ＴＮ            Ｄ      |
01 |      ＹＹＧ          ＴＲＱ    |
02 |  Ｉ  Ｗ              ＤＫＲＨ  |
03 |  Ｔ  Ｐ          Ｑ  ＮＥＢＵ  |
04 |  Ｇ  Ｎ          Ｇ  Ｇ  ＨＣ  |
05 |ＤＨ              ＷＮ    ＯＪ  |
06 |Ｌ            Ｃ  ＴＤ      Ｄ  |
07 |Ｒ            Ｍ    Ｊ          |
08 |Ｈ            ＢＴ  Ｒ          |
09 |            ＡＱＱ              |
